// Jest Snapshot v1, https://goo.gl/fbAQLP

exports[`Test Table 1`] = `
<div
  class="css-3i2ewu"
>
  <div
    class="table-title-row css-1povu0j"
  >
    <div
      class="table-title-div css-1uobdc4"
    />
  </div>
  <div
    class="table-div css-915iz8"
  >
    <div
      class="table-header-row css-1obwat8"
    >
      <button
        class="table-header-cell css-19p62pq"
      >
        Name
        <svg
          class="css-17jnaqn"
          fill="currentColor"
          height="20px"
          id="hoverableArrow"
          viewBox="0 0 24 24"
          width="24"
          xmlns="http://www.w3.org/2000/svg"
        >
          <path
            d="M0 0h24v24H0V0z"
            fill="none"
          />
          <path
            d="M4 12l1.41 1.41L11 7.83V20h2V7.83l5.58 5.59L20 12l-8-8-8 8z"
          />
        </svg>
      </button>
      <button
        class="table-header-cell css-10jf79"
      >
        Cacti
        <svg
          class="css-17jnaqn"
          fill="currentColor"
          height="20px"
          id="hoverableArrow"
          viewBox="0 0 24 24"
          width="24"
          xmlns="http://www.w3.org/2000/svg"
        >
          <path
            d="M0 0h24v24H0V0z"
            fill="none"
          />
          <path
            d="M4 12l1.41 1.41L11 7.83V20h2V7.83l5.58 5.59L20 12l-8-8-8 8z"
          />
        </svg>
      </button>
      <button
        class="table-header-cell css-19p62pq"
      >
        Life Support
        <svg
          class="css-17jnaqn"
          fill="currentColor"
          height="20px"
          id="hoverableArrow"
          viewBox="0 0 24 24"
          width="24"
          xmlns="http://www.w3.org/2000/svg"
        >
          <path
            d="M0 0h24v24H0V0z"
            fill="none"
          />
          <path
            d="M4 12l1.41 1.41L11 7.83V20h2V7.83l5.58 5.59L20 12l-8-8-8 8z"
          />
        </svg>
      </button>
    </div>
    <div>
      <div
        class="table-row css-16p1vce"
        tabindex="0"
      >
        <div
          class="table-cell css-1li66ao"
        >
          john
        </div>
        <div
          class="table-cell css-19354gi"
        >
          Austrocylindropuntia
        </div>
        <div
          class="table-cell css-1li66ao"
        >
          Machiato
        </div>
      </div>
    </div>
    <div>
      <div
        class="table-row css-16p1vce"
        tabindex="0"
      >
        <div
          class="table-cell css-1li66ao"
        >
          nick
        </div>
        <div
          class="table-cell css-19354gi"
        >
          Stenocactus
        </div>
        <div
          class="table-cell css-1li66ao"
        >
          Latte
        </div>
      </div>
    </div>
  </div>
</div>
`;
